{
    "test1_paired_end.bam & test_2paired_end.bam - stub": {
        "content": [
            {
                "0": [
                    [
                        {
                            "id": "all_samples"
                        },
                        "all_samples_alignment_results.tsv:md5,d41d8cd98f00b204e9800998ecf8427e"
                    ]
                ],
                "1": [
                    "versions.yml:md5,3f5dd63588c677b43b85a327268cd825"
                ],
                "alignment_results": [
                    [
                        {
                            "id": "all_samples"
                        },
                        "all_samples_alignment_results.tsv:md5,d41d8cd98f00b204e9800998ecf8427e"
                    ]
                ],
                "versions": [
                    "versions.yml:md5,3f5dd63588c677b43b85a327268cd825"
                ]
            }
        ],
        "meta": {
            "nf-test": "0.8.4",
            "nextflow": "23.10.1"
        },
        "timestamp": "2024-02-19T17:03:16.919022297"
    },
    "test1_paired_end.bam & test_2paired_end.bam": {
        "content": [
            {
                "0": [
                    [
                        {
                            "id": "all_samples"
                        },
                        "all_samples_alignment_results.tsv:md5,f7624089f001fd3079bc43e3c3372a7e"
                    ]
                ],
                "1": [
                    "versions.yml:md5,3f5dd63588c677b43b85a327268cd825"
                ],
                "alignment_results": [
                    [
                        {
                            "id": "all_samples"
                        },
                        "all_samples_alignment_results.tsv:md5,f7624089f001fd3079bc43e3c3372a7e"
                    ]
                ],
                "versions": [
                    "versions.yml:md5,3f5dd63588c677b43b85a327268cd825"
                ]
            }
        ],
        "meta": {
            "nf-test": "0.8.4",
            "nextflow": "23.10.1"
        },
        "timestamp": "2024-02-19T17:03:08.329418215"
    }
}
