{
    "mash_screen.tsv & fasta.gz & reference_fasta.gz - stub": {
        "content": [
            {
                "0": [
                    [
                        {
                            "id": "test"
                        },
                        "test.fasta_w_screen_hits.fna.gz:md5,d41d8cd98f00b204e9800998ecf8427e"
                    ]
                ],
                "1": [
                    "versions.yml:md5,65b56210fc3597cf5d869e5a1384a1a3"
                ],
                "assembly_w_screen_hits": [
                    [
                        {
                            "id": "test"
                        },
                        "test.fasta_w_screen_hits.fna.gz:md5,d41d8cd98f00b204e9800998ecf8427e"
                    ]
                ],
                "versions": [
                    "versions.yml:md5,65b56210fc3597cf5d869e5a1384a1a3"
                ]
            }
        ],
        "meta": {
            "nf-test": "0.8.4",
            "nextflow": "23.10.1"
        },
        "timestamp": "2024-02-20T09:48:08.671698195"
    },
    "mash_screen.tsv & fasta.gz & reference_fasta.gz": {
        "content": [
            {
                "0": [
                    [
                        {
                            "id": "test"
                        },
                        "test.fasta_w_screen_hits.fna.gz:md5,8ae1a1f526134b2672776111c9f9f210"
                    ]
                ],
                "1": [
                    "versions.yml:md5,65b56210fc3597cf5d869e5a1384a1a3"
                ],
                "assembly_w_screen_hits": [
                    [
                        {
                            "id": "test"
                        },
                        "test.fasta_w_screen_hits.fna.gz:md5,8ae1a1f526134b2672776111c9f9f210"
                    ]
                ],
                "versions": [
                    "versions.yml:md5,65b56210fc3597cf5d869e5a1384a1a3"
                ]
            }
        ],
        "meta": {
            "nf-test": "0.8.4",
            "nextflow": "23.10.1"
        },
        "timestamp": "2024-02-20T10:32:14.343643855"
    }
}
