{
    "blast.txt - stub": {
        "content": [
            {
                "0": [
                    [
                        {
                            "id": "test"
                        },
                        "test_ani.tsv:md5,d41d8cd98f00b204e9800998ecf8427e"
                    ]
                ],
                "1": [
                    "versions.yml:md5,e762f9268614324a9143737b92563257"
                ],
                "ani": [
                    [
                        {
                            "id": "test"
                        },
                        "test_ani.tsv:md5,d41d8cd98f00b204e9800998ecf8427e"
                    ]
                ],
                "versions": [
                    "versions.yml:md5,e762f9268614324a9143737b92563257"
                ]
            }
        ],
        "meta": {
            "nf-test": "0.8.4",
            "nextflow": "23.10.1"
        },
        "timestamp": "2024-02-19T16:28:59.168124925"
    },
    "blast.txt": {
        "content": [
            {
                "0": [
                    [
                        {
                            "id": "test"
                        },
                        "test_ani.tsv:md5,1934eb09849f6df88083ad25aa47923d"
                    ]
                ],
                "1": [
                    "versions.yml:md5,e762f9268614324a9143737b92563257"
                ],
                "ani": [
                    [
                        {
                            "id": "test"
                        },
                        "test_ani.tsv:md5,1934eb09849f6df88083ad25aa47923d"
                    ]
                ],
                "versions": [
                    "versions.yml:md5,e762f9268614324a9143737b92563257"
                ]
            }
        ],
        "meta": {
            "nf-test": "0.8.4",
            "nextflow": "23.10.1"
        },
        "timestamp": "2024-02-19T16:28:47.920248772"
    }
}
