{
    "virus_fasta.gz & provirus_fasta.gz & quality_summary.tsv - stub": {
        "content": [
            {
                "0": [
                    [
                        {
                            "id": "test"
                        },
                        "test.filtered.fna.gz:md5,d41d8cd98f00b204e9800998ecf8427e"
                    ]
                ],
                "1": [
                    "versions.yml:md5,4065a8af6c710ebcd076fbcbabc91f17"
                ],
                "filtered_viruses": [
                    [
                        {
                            "id": "test"
                        },
                        "test.filtered.fna.gz:md5,d41d8cd98f00b204e9800998ecf8427e"
                    ]
                ],
                "versions": [
                    "versions.yml:md5,4065a8af6c710ebcd076fbcbabc91f17"
                ]
            }
        ],
        "meta": {
            "nf-test": "0.8.4",
            "nextflow": "23.10.1"
        },
        "timestamp": "2024-02-19T17:04:08.487686508"
    },
    "virus_fasta.gz & provirus_fasta.gz & quality_summary.tsv": {
        "content": [
            {
                "0": [
                    [
                        {
                            "id": "test"
                        },
                        "test.filtered.fna.gz:md5,e807764af50f14c5ca5828c51869c113"
                    ]
                ],
                "1": [
                    "versions.yml:md5,4065a8af6c710ebcd076fbcbabc91f17"
                ],
                "filtered_viruses": [
                    [
                        {
                            "id": "test"
                        },
                        "test.filtered.fna.gz:md5,e807764af50f14c5ca5828c51869c113"
                    ]
                ],
                "versions": [
                    "versions.yml:md5,4065a8af6c710ebcd076fbcbabc91f17"
                ]
            }
        ],
        "meta": {
            "nf-test": "0.8.4",
            "nextflow": "23.10.1"
        },
        "timestamp": "2024-02-19T17:03:57.878250244"
    }
}
