{
    "Parameters: --run_reference_containment = true": {
        "content": [
            {
                "0": [
                    
                ],
                "1": [
                    [
                        {
                            "id": "test2"
                        },
                        "test2.fasta_w_screen_hits_virus_summary.tsv:md5,617215f2a883d4ec8d95aacd0b09d8a1"
                    ],
                    [
                        {
                            "id": "test"
                        },
                        "test.fasta_w_screen_hits_virus_summary.tsv:md5,f5b59da727b9793461f8b85cf7c818df"
                    ]
                ],
                "2": [
                    [
                        {
                            "id": "test2"
                        },
                        "quality_summary.tsv:md5,db5422a546af97a3d997045b3eb9f321"
                    ],
                    [
                        {
                            "id": "test"
                        },
                        "quality_summary.tsv:md5,f5273c5640e76d64d46c54c09f75f2d9"
                    ]
                ],
                "3": [
                    [
                        {
                            "id": "test2"
                        },
                        "test2.filtered.fna.gz:md5,741ab7b127375e64069553fa51b2eac9"
                    ],
                    [
                        {
                            "id": "test"
                        },
                        "test.filtered.fna.gz:md5,a3f4a97cd394993502c30dd444bc1b88"
                    ]
                ],
                "4": [
                    [
                        {
                            "id": "all_samples"
                        },
                        "all_samples_anicluster_representatives.fna.gz:md5,07bf1a1918d0a5aa2422c7b1a3b1c085"
                    ]
                ],
                "5": [
                    
                ],
                "6": [
                    
                ],
                "7": [
                    
                ],
                "8": [
                    
                ],
                "9": [
                    "versions.yml:md5,005aa3fca95c916b586f09b1c12aae6f",
                    "versions.yml:md5,005aa3fca95c916b586f09b1c12aae6f",
                    "versions.yml:md5,04bf25e5231ce1f8077581bb7a2c07f4",
                    "versions.yml:md5,0c310e8a973612ff99e0df847fb656ea",
                    "versions.yml:md5,0e57d76cb0b6149bbb32aded3595de9b",
                    "versions.yml:md5,0e57d76cb0b6149bbb32aded3595de9b",
                    "versions.yml:md5,1439e948f383899aaccbf49506923b04",
                    "versions.yml:md5,2b068b9678f63d6bb06a2a3652e92ba9",
                    "versions.yml:md5,374c63bf7c31c6c34acbf8d74e6c7dcc",
                    "versions.yml:md5,6323b255a9c1b9ed3e1a41aea5bfa2bb",
                    "versions.yml:md5,74b2068d24b17a2f4a097a3063da3dae",
                    "versions.yml:md5,769114e3bb009aceb4763a1a0fa80d5a",
                    "versions.yml:md5,7cb8c67c6ff9cf01f799d6730d5ebd15",
                    "versions.yml:md5,7e54b5f822df67b99faf67629e81963f",
                    "versions.yml:md5,7e54b5f822df67b99faf67629e81963f",
                    "versions.yml:md5,8aebba726df29aad131772449019ee78",
                    "versions.yml:md5,987d2e54a85311b917599dc41c90418c",
                    "versions.yml:md5,a856eefde99260259440d942c1d56ff4",
                    "versions.yml:md5,b6a0d868f5f2be1093be05fc0638008d",
                    "versions.yml:md5,b6a0d868f5f2be1093be05fc0638008d",
                    "versions.yml:md5,bcf62c8c784b9f46c8372e86654cae6b",
                    "versions.yml:md5,bcf62c8c784b9f46c8372e86654cae6b",
                    "versions.yml:md5,c0598196e761dbcdc90ff95a2f623b9c",
                    "versions.yml:md5,d1e2a23440cc3dbeedc1c628bf792072",
                    "versions.yml:md5,d1e2a23440cc3dbeedc1c628bf792072"
                ],
                "anicluster_reps_fna_gz": [
                    [
                        {
                            "id": "all_samples"
                        },
                        "all_samples_anicluster_representatives.fna.gz:md5,07bf1a1918d0a5aa2422c7b1a3b1c085"
                    ]
                ],
                "filtered_viruses_fna_gz": [
                    [
                        {
                            "id": "test2"
                        },
                        "test2.filtered.fna.gz:md5,741ab7b127375e64069553fa51b2eac9"
                    ],
                    [
                        {
                            "id": "test"
                        },
                        "test.filtered.fna.gz:md5,a3f4a97cd394993502c30dd444bc1b88"
                    ]
                ],
                "host_predictions_tsv": [
                    
                ],
                "instrain_gene_info": [
                    
                ],
                "marker_taxonomy_tsv": [
                    
                ],
                "pharokka_output_tsv": [
                    
                ],
                "versions": [
                    "versions.yml:md5,005aa3fca95c916b586f09b1c12aae6f",
                    "versions.yml:md5,005aa3fca95c916b586f09b1c12aae6f",
                    "versions.yml:md5,04bf25e5231ce1f8077581bb7a2c07f4",
                    "versions.yml:md5,0c310e8a973612ff99e0df847fb656ea",
                    "versions.yml:md5,0e57d76cb0b6149bbb32aded3595de9b",
                    "versions.yml:md5,0e57d76cb0b6149bbb32aded3595de9b",
                    "versions.yml:md5,1439e948f383899aaccbf49506923b04",
                    "versions.yml:md5,2b068b9678f63d6bb06a2a3652e92ba9",
                    "versions.yml:md5,374c63bf7c31c6c34acbf8d74e6c7dcc",
                    "versions.yml:md5,6323b255a9c1b9ed3e1a41aea5bfa2bb",
                    "versions.yml:md5,74b2068d24b17a2f4a097a3063da3dae",
                    "versions.yml:md5,769114e3bb009aceb4763a1a0fa80d5a",
                    "versions.yml:md5,7cb8c67c6ff9cf01f799d6730d5ebd15",
                    "versions.yml:md5,7e54b5f822df67b99faf67629e81963f",
                    "versions.yml:md5,7e54b5f822df67b99faf67629e81963f",
                    "versions.yml:md5,8aebba726df29aad131772449019ee78",
                    "versions.yml:md5,987d2e54a85311b917599dc41c90418c",
                    "versions.yml:md5,a856eefde99260259440d942c1d56ff4",
                    "versions.yml:md5,b6a0d868f5f2be1093be05fc0638008d",
                    "versions.yml:md5,b6a0d868f5f2be1093be05fc0638008d",
                    "versions.yml:md5,bcf62c8c784b9f46c8372e86654cae6b",
                    "versions.yml:md5,bcf62c8c784b9f46c8372e86654cae6b",
                    "versions.yml:md5,c0598196e761dbcdc90ff95a2f623b9c",
                    "versions.yml:md5,d1e2a23440cc3dbeedc1c628bf792072",
                    "versions.yml:md5,d1e2a23440cc3dbeedc1c628bf792072"
                ],
                "virus_classification_tsv": [
                    [
                        {
                            "id": "test2"
                        },
                        "test2.fasta_w_screen_hits_virus_summary.tsv:md5,617215f2a883d4ec8d95aacd0b09d8a1"
                    ],
                    [
                        {
                            "id": "test"
                        },
                        "test.fasta_w_screen_hits_virus_summary.tsv:md5,f5b59da727b9793461f8b85cf7c818df"
                    ]
                ],
                "virus_enrichment_tsv": [
                    
                ],
                "virus_quality_tsv": [
                    [
                        {
                            "id": "test2"
                        },
                        "quality_summary.tsv:md5,db5422a546af97a3d997045b3eb9f321"
                    ],
                    [
                        {
                            "id": "test"
                        },
                        "quality_summary.tsv:md5,f5273c5640e76d64d46c54c09f75f2d9"
                    ]
                ]
            }
        ],
        "meta": {
            "nf-test": "0.8.4",
            "nextflow": "23.10.1"
        },
        "timestamp": "2024-03-17T13:33:22.171793475"
    }
}