{
    "Parameters: run_cobra = true": {
        "content": [
            {
                "0": [
                    
                ],
                "1": [
                    [
                        {
                            "id": "test2"
                        },
                        "test2_virus_summary.tsv:md5,ae6d66b39f6ea43628db461e42012027"
                    ],
                    [
                        {
                            "id": "test"
                        },
                        "test_virus_summary.tsv:md5,ae6d66b39f6ea43628db461e42012027"
                    ]
                ],
                "2": [
                    [
                        {
                            "id": "test2"
                        },
                        "quality_summary.tsv:md5,5f1b0ace5264c11b2f5e8b0decbf2f9e"
                    ],
                    [
                        {
                            "id": "test"
                        },
                        "quality_summary.tsv:md5,5f1b0ace5264c11b2f5e8b0decbf2f9e"
                    ]
                ],
                "3": [
                    [
                        {
                            "id": "test2"
                        },
                        "test2.filtered.fna.gz:md5,41b1f1f20079a5994f18090c6b562ad5"
                    ],
                    [
                        {
                            "id": "test"
                        },
                        "test.filtered.fna.gz:md5,41b1f1f20079a5994f18090c6b562ad5"
                    ]
                ],
                "4": [
                    [
                        {
                            "id": "all_samples"
                        },
                        "all_samples_anicluster_representatives.fna.gz:md5,41b1f1f20079a5994f18090c6b562ad5"
                    ]
                ],
                "5": [
                    
                ],
                "6": [
                    
                ],
                "7": [
                    
                ],
                "8": [
                    
                ],
                "9": [
                    "versions.yml:md5,005aa3fca95c916b586f09b1c12aae6f",
                    "versions.yml:md5,005aa3fca95c916b586f09b1c12aae6f",
                    "versions.yml:md5,04bf25e5231ce1f8077581bb7a2c07f4",
                    "versions.yml:md5,0c310e8a973612ff99e0df847fb656ea",
                    "versions.yml:md5,0e57d76cb0b6149bbb32aded3595de9b",
                    "versions.yml:md5,0e57d76cb0b6149bbb32aded3595de9b",
                    "versions.yml:md5,1439e948f383899aaccbf49506923b04",
                    "versions.yml:md5,23d3ff61622483893bde6c53b291d178",
                    "versions.yml:md5,23d3ff61622483893bde6c53b291d178",
                    "versions.yml:md5,273722cb429ff390ed5fbb09c270c12c",
                    "versions.yml:md5,29077f60120b69bdbdb108e3e0f0a2b4",
                    "versions.yml:md5,29077f60120b69bdbdb108e3e0f0a2b4",
                    "versions.yml:md5,29e8e088f5688e61c5d396a70da43042",
                    "versions.yml:md5,374c63bf7c31c6c34acbf8d74e6c7dcc",
                    "versions.yml:md5,40fb32b1e3b7113ced7faf5b7adfb957",
                    "versions.yml:md5,40fb32b1e3b7113ced7faf5b7adfb957",
                    "versions.yml:md5,6323b255a9c1b9ed3e1a41aea5bfa2bb",
                    "versions.yml:md5,74b2068d24b17a2f4a097a3063da3dae",
                    "versions.yml:md5,75fada105167dd56003ab6a45fcdaa7c",
                    "versions.yml:md5,75fada105167dd56003ab6a45fcdaa7c",
                    "versions.yml:md5,769114e3bb009aceb4763a1a0fa80d5a",
                    "versions.yml:md5,770c6885cf39f659d9bfab2cbede934c",
                    "versions.yml:md5,770c6885cf39f659d9bfab2cbede934c",
                    "versions.yml:md5,7cb8c67c6ff9cf01f799d6730d5ebd15",
                    "versions.yml:md5,7e54b5f822df67b99faf67629e81963f",
                    "versions.yml:md5,7e54b5f822df67b99faf67629e81963f",
                    "versions.yml:md5,8aebba726df29aad131772449019ee78",
                    "versions.yml:md5,8cc447f908cab7a36464c3b49dc0c50f",
                    "versions.yml:md5,8cc447f908cab7a36464c3b49dc0c50f",
                    "versions.yml:md5,987d2e54a85311b917599dc41c90418c",
                    "versions.yml:md5,a1dc4f2e0f6749f3c726622dab1cf194",
                    "versions.yml:md5,a1dc4f2e0f6749f3c726622dab1cf194",
                    "versions.yml:md5,a856eefde99260259440d942c1d56ff4",
                    "versions.yml:md5,b6a0d868f5f2be1093be05fc0638008d",
                    "versions.yml:md5,b6a0d868f5f2be1093be05fc0638008d",
                    "versions.yml:md5,bcf62c8c784b9f46c8372e86654cae6b",
                    "versions.yml:md5,bcf62c8c784b9f46c8372e86654cae6b",
                    "versions.yml:md5,c1343b9b208c51fbf077dc9ff8024bb9",
                    "versions.yml:md5,c1343b9b208c51fbf077dc9ff8024bb9",
                    "versions.yml:md5,d1e2a23440cc3dbeedc1c628bf792072",
                    "versions.yml:md5,d1e2a23440cc3dbeedc1c628bf792072",
                    "versions.yml:md5,fb73c0d103eb42772876d3eeb571e077",
                    "versions.yml:md5,fb73c0d103eb42772876d3eeb571e077"
                ],
                "anicluster_reps_fna_gz": [
                    [
                        {
                            "id": "all_samples"
                        },
                        "all_samples_anicluster_representatives.fna.gz:md5,41b1f1f20079a5994f18090c6b562ad5"
                    ]
                ],
                "filtered_viruses_fna_gz": [
                    [
                        {
                            "id": "test2"
                        },
                        "test2.filtered.fna.gz:md5,41b1f1f20079a5994f18090c6b562ad5"
                    ],
                    [
                        {
                            "id": "test"
                        },
                        "test.filtered.fna.gz:md5,41b1f1f20079a5994f18090c6b562ad5"
                    ]
                ],
                "host_predictions_tsv": [
                    
                ],
                "instrain_gene_info": [
                    
                ],
                "marker_taxonomy_tsv": [
                    
                ],
                "pharokka_output_tsv": [
                    
                ],
                "versions": [
                    "versions.yml:md5,005aa3fca95c916b586f09b1c12aae6f",
                    "versions.yml:md5,005aa3fca95c916b586f09b1c12aae6f",
                    "versions.yml:md5,04bf25e5231ce1f8077581bb7a2c07f4",
                    "versions.yml:md5,0c310e8a973612ff99e0df847fb656ea",
                    "versions.yml:md5,0e57d76cb0b6149bbb32aded3595de9b",
                    "versions.yml:md5,0e57d76cb0b6149bbb32aded3595de9b",
                    "versions.yml:md5,1439e948f383899aaccbf49506923b04",
                    "versions.yml:md5,23d3ff61622483893bde6c53b291d178",
                    "versions.yml:md5,23d3ff61622483893bde6c53b291d178",
                    "versions.yml:md5,273722cb429ff390ed5fbb09c270c12c",
                    "versions.yml:md5,29077f60120b69bdbdb108e3e0f0a2b4",
                    "versions.yml:md5,29077f60120b69bdbdb108e3e0f0a2b4",
                    "versions.yml:md5,29e8e088f5688e61c5d396a70da43042",
                    "versions.yml:md5,374c63bf7c31c6c34acbf8d74e6c7dcc",
                    "versions.yml:md5,40fb32b1e3b7113ced7faf5b7adfb957",
                    "versions.yml:md5,40fb32b1e3b7113ced7faf5b7adfb957",
                    "versions.yml:md5,6323b255a9c1b9ed3e1a41aea5bfa2bb",
                    "versions.yml:md5,74b2068d24b17a2f4a097a3063da3dae",
                    "versions.yml:md5,75fada105167dd56003ab6a45fcdaa7c",
                    "versions.yml:md5,75fada105167dd56003ab6a45fcdaa7c",
                    "versions.yml:md5,769114e3bb009aceb4763a1a0fa80d5a",
                    "versions.yml:md5,770c6885cf39f659d9bfab2cbede934c",
                    "versions.yml:md5,770c6885cf39f659d9bfab2cbede934c",
                    "versions.yml:md5,7cb8c67c6ff9cf01f799d6730d5ebd15",
                    "versions.yml:md5,7e54b5f822df67b99faf67629e81963f",
                    "versions.yml:md5,7e54b5f822df67b99faf67629e81963f",
                    "versions.yml:md5,8aebba726df29aad131772449019ee78",
                    "versions.yml:md5,8cc447f908cab7a36464c3b49dc0c50f",
                    "versions.yml:md5,8cc447f908cab7a36464c3b49dc0c50f",
                    "versions.yml:md5,987d2e54a85311b917599dc41c90418c",
                    "versions.yml:md5,a1dc4f2e0f6749f3c726622dab1cf194",
                    "versions.yml:md5,a1dc4f2e0f6749f3c726622dab1cf194",
                    "versions.yml:md5,a856eefde99260259440d942c1d56ff4",
                    "versions.yml:md5,b6a0d868f5f2be1093be05fc0638008d",
                    "versions.yml:md5,b6a0d868f5f2be1093be05fc0638008d",
                    "versions.yml:md5,bcf62c8c784b9f46c8372e86654cae6b",
                    "versions.yml:md5,bcf62c8c784b9f46c8372e86654cae6b",
                    "versions.yml:md5,c1343b9b208c51fbf077dc9ff8024bb9",
                    "versions.yml:md5,c1343b9b208c51fbf077dc9ff8024bb9",
                    "versions.yml:md5,d1e2a23440cc3dbeedc1c628bf792072",
                    "versions.yml:md5,d1e2a23440cc3dbeedc1c628bf792072",
                    "versions.yml:md5,fb73c0d103eb42772876d3eeb571e077",
                    "versions.yml:md5,fb73c0d103eb42772876d3eeb571e077"
                ],
                "virus_classification_tsv": [
                    [
                        {
                            "id": "test2"
                        },
                        "test2_virus_summary.tsv:md5,ae6d66b39f6ea43628db461e42012027"
                    ],
                    [
                        {
                            "id": "test"
                        },
                        "test_virus_summary.tsv:md5,ae6d66b39f6ea43628db461e42012027"
                    ]
                ],
                "virus_enrichment_tsv": [
                    
                ],
                "virus_quality_tsv": [
                    [
                        {
                            "id": "test2"
                        },
                        "quality_summary.tsv:md5,5f1b0ace5264c11b2f5e8b0decbf2f9e"
                    ],
                    [
                        {
                            "id": "test"
                        },
                        "quality_summary.tsv:md5,5f1b0ace5264c11b2f5e8b0decbf2f9e"
                    ]
                ]
            },
            "COBRA_joining_summary.txt:md5,d41d8cd98f00b204e9800998ecf8427e"
        ],
        "meta": {
            "nf-test": "0.8.4",
            "nextflow": "23.10.1"
        },
        "timestamp": "2024-04-18T16:48:03.595326882"
    }
}